2026-04-21T11:55:51.729Z info: ::1 - GET - / - 2026-04-21T11:55:51.726Z - Status: 404
2026-04-21T11:55:52.636Z info: ::1 - GET - / - 2026-04-21T11:55:52.636Z - Status: 404
2026-04-21T11:57:02.778Z info: ::1 - OPTIONS - //users/login - 2026-04-21T11:57:02.778Z - Status: 204
2026-04-21T11:57:03.006Z info: ::1 - POST - / - 2026-04-21T11:57:03.005Z - Status: 404
2026-04-21T11:57:34.883Z info: ::1 - OPTIONS - /users/login - 2026-04-21T11:57:34.883Z - Status: 204
2026-04-21T11:57:34.922Z info: ::1 - POST - / - 2026-04-21T11:57:34.922Z - Status: 404
2026-04-21T12:00:06.291Z info: ::1 - OPTIONS - /api/v1/users/login - 2026-04-21T12:00:06.291Z - Status: 204
2026-04-21T12:00:06.437Z info: ::1 - POST - /login - 2026-04-21T12:00:06.437Z - Status: 400
2026-04-21T12:01:58.986Z info: ::1 - GET - / - 2026-04-21T12:01:58.986Z - Status: 404
2026-04-21T12:04:34.027Z info: ::1 - POST - /signup - 2026-04-21T12:04:34.027Z - Status: 401
2026-04-21T12:05:05.361Z info: ::1 - POST - /create-admin - 2026-04-21T12:05:05.361Z - Status: 403
2026-04-21T15:14:03.543Z info: ::1 - GET - / - 2026-04-21T15:14:03.542Z - Status: 404
2026-04-21T15:14:05.454Z info: ::1 - GET - / - 2026-04-21T15:14:05.454Z - Status: 404
2026-04-21T16:50:55.104Z info: ::1 - GET - / - 2026-04-21T16:50:55.102Z - Status: 404
2026-04-21T16:52:00.745Z info: ::1 - GET - / - 2026-04-21T16:52:00.744Z - Status: 200
2026-04-21T17:36:21.172Z info: ::1 - GET - / - 2026-04-21T17:36:21.168Z - Status: 304
2026-04-21T17:51:44.868Z info: ::1 - POST - /create-admin - 2026-04-21T17:51:44.868Z - Status: 400
2026-04-21T17:53:09.120Z info: ::1 - OPTIONS - /api/v1/users/login - 2026-04-21T17:53:09.120Z - Status: 204
2026-04-21T17:53:10.356Z info: ::1 - POST - /login - 2026-04-21T17:53:10.356Z - Status: 200
2026-04-21T17:53:11.776Z info: ::1 - OPTIONS - /api/v1/stationery/products - 2026-04-21T17:53:11.776Z - Status: 204
2026-04-21T17:53:11.783Z info: ::1 - OPTIONS - /api/v1/stationery/products - 2026-04-21T17:53:11.783Z - Status: 204
2026-04-21T17:53:12.278Z info: ::1 - GET - /products - 2026-04-21T17:53:12.278Z - Status: 404
2026-04-21T17:53:12.286Z info: ::1 - GET - /products - 2026-04-21T17:53:12.286Z - Status: 404
2026-04-21T18:09:11.636Z info: ::1 - POST - /login - 2026-04-21T18:09:11.635Z - Status: 400
2026-04-21T18:10:56.278Z info: ::1 - POST - /login - 2026-04-21T18:10:56.278Z - Status: 200
2026-04-21T18:15:53.749Z info: ::1 - POST - /products - 2026-04-21T18:15:53.748Z - Status: 401
2026-04-21T18:16:00.571Z info: ::1 - POST - /login - 2026-04-21T18:16:00.571Z - Status: 200
2026-04-21T18:16:14.576Z info: ::1 - POST - /products - 2026-04-21T18:16:14.575Z - Status: 201
2026-04-21T18:17:06.574Z info: ::1 - OPTIONS - /api/v1/animal-feeding/products - 2026-04-21T18:17:06.574Z - Status: 204
2026-04-21T18:17:06.611Z info: ::1 - OPTIONS - /api/v1/animal-feeding/products - 2026-04-21T18:17:06.611Z - Status: 204
2026-04-21T18:17:06.941Z info: ::1 - GET - /products - 2026-04-21T18:17:06.941Z - Status: 200
2026-04-21T18:17:06.954Z info: ::1 - GET - /products - 2026-04-21T18:17:06.954Z - Status: 304
2026-04-21T18:17:06.988Z info: ::1 - GET - / - 2026-04-21T18:17:06.988Z - Status: 404
2026-04-21T18:17:13.265Z info: ::1 - OPTIONS - /api/v1/animal-feeding/products/69e7beee9e15259fba95973d - 2026-04-21T18:17:13.265Z - Status: 204
2026-04-21T18:17:13.273Z info: ::1 - OPTIONS - /api/v1/animal-feeding/products/69e7beee9e15259fba95973d - 2026-04-21T18:17:13.273Z - Status: 204
2026-04-21T18:17:13.306Z info: ::1 - GET - /products/69e7beee9e15259fba95973d - 2026-04-21T18:17:13.306Z - Status: 200
2026-04-21T18:17:13.317Z info: ::1 - GET - /products/69e7beee9e15259fba95973d - 2026-04-21T18:17:13.317Z - Status: 304
2026-04-21T18:22:39.654Z info: ::1 - GET - /orders - 2026-04-21T18:22:39.652Z - Status: 401
2026-04-21T18:22:50.448Z info: ::1 - GET - /products - 2026-04-21T18:22:50.448Z - Status: 401
2026-04-21T18:23:32.509Z info: ::1 - POST - /orders - 2026-04-21T18:23:32.507Z - Status: 401
2026-04-21T18:23:40.650Z info: ::1 - POST - /orders - 2026-04-21T18:23:40.650Z - Status: 401
2026-04-21T18:24:45.511Z info: ::1 - POST - /orders - 2026-04-21T18:24:45.511Z - Status: 400
2026-04-21T18:25:21.746Z info: ::1 - OPTIONS - /api/v1/animal-feeding/products/69e7beee9e15259fba95973d - 2026-04-21T18:25:21.746Z - Status: 204
2026-04-21T18:25:21.749Z info: ::1 - OPTIONS - /api/v1/animal-feeding/products/69e7beee9e15259fba95973d - 2026-04-21T18:25:21.748Z - Status: 204
2026-04-21T18:25:21.802Z info: ::1 - GET - /products/69e7beee9e15259fba95973d - 2026-04-21T18:25:21.802Z - Status: 200
2026-04-21T18:25:21.809Z info: ::1 - GET - /products/69e7beee9e15259fba95973d - 2026-04-21T18:25:21.809Z - Status: 200
2026-04-21T18:25:41.749Z info: ::1 - POST - /orders - 2026-04-21T18:25:41.749Z - Status: 404
2026-04-21T18:25:55.104Z info: ::1 - POST - /orders - 2026-04-21T18:25:55.104Z - Status: 201
2026-04-21T18:27:02.196Z info: ::1 - GET - /orders - 2026-04-21T18:27:02.196Z - Status: 401
2026-04-21T18:27:02.635Z info: ::1 - GET - / - 2026-04-21T18:27:02.635Z - Status: 404
2026-04-21T18:28:43.965Z info: ::1 - OPTIONS - /api/v1/animal-feeding/products/69e7beee9e15259fba95973d - 2026-04-21T18:28:43.963Z - Status: 204
2026-04-21T18:28:44.014Z info: ::1 - OPTIONS - /api/v1/animal-feeding/products/69e7beee9e15259fba95973d - 2026-04-21T18:28:44.014Z - Status: 204
2026-04-21T18:28:44.050Z info: ::1 - GET - /products/69e7beee9e15259fba95973d - 2026-04-21T18:28:44.050Z - Status: 200
2026-04-21T18:28:44.069Z info: ::1 - GET - /products/69e7beee9e15259fba95973d - 2026-04-21T18:28:44.069Z - Status: 304
2026-04-21T18:28:46.570Z info: ::1 - OPTIONS - /api/v1/animal-feeding/orders - 2026-04-21T18:28:46.570Z - Status: 204
2026-04-21T18:28:46.773Z info: ::1 - POST - /orders - 2026-04-21T18:28:46.773Z - Status: 201
2026-04-21T18:28:54.078Z info: ::1 - OPTIONS - /api/v1/animal-feeding/orders - 2026-04-21T18:28:54.078Z - Status: 204
2026-04-21T18:28:54.091Z info: ::1 - OPTIONS - /api/v1/animal-feeding/orders - 2026-04-21T18:28:54.091Z - Status: 204
2026-04-21T18:28:54.294Z info: ::1 - GET - /orders - 2026-04-21T18:28:54.294Z - Status: 200
2026-04-21T18:28:54.323Z info: ::1 - GET - /orders - 2026-04-21T18:28:54.323Z - Status: 304
2026-04-21T18:28:57.009Z info: ::1 - OPTIONS - /api/v1/animal-feeding/orders/69e7c1deca1860a818857f78 - 2026-04-21T18:28:57.009Z - Status: 204
2026-04-21T18:28:57.012Z info: ::1 - OPTIONS - /api/v1/animal-feeding/orders/69e7c1deca1860a818857f78 - 2026-04-21T18:28:57.012Z - Status: 204
2026-04-21T18:28:57.062Z info: ::1 - GET - /orders/69e7c1deca1860a818857f78 - 2026-04-21T18:28:57.062Z - Status: 200
2026-04-21T18:28:57.071Z info: ::1 - GET - /orders/69e7c1deca1860a818857f78 - 2026-04-21T18:28:57.071Z - Status: 304
2026-04-21T18:29:47.352Z info: ::1 - GET - /products/ - 2026-04-21T18:29:47.351Z - Status: 401
2026-04-21T18:30:48.954Z info: ::1 - GET - /products/ - 2026-04-21T18:30:48.953Z - Status: 401
2026-04-21T18:31:22.432Z info: ::1 - GET - /products/ - 2026-04-21T18:31:22.431Z - Status: 200
2026-04-21T18:31:31.310Z info: ::1 - GET - /products/ - 2026-04-21T18:31:31.310Z - Status: 200
2026-04-21T18:32:42.909Z info: ::1 - POST - /products - 2026-04-21T18:32:42.909Z - Status: 201
2026-04-21T18:32:48.453Z info: ::1 - GET - /products/ - 2026-04-21T18:32:48.452Z - Status: 200
2026-04-21T18:34:07.697Z info: ::1 - GET - /products/ - 2026-04-21T18:34:07.696Z - Status: 200
2026-04-21T18:34:35.142Z info: ::1 - OPTIONS - /api/v1/animal-feeding/products - 2026-04-21T18:34:35.141Z - Status: 204
2026-04-21T18:34:35.147Z info: ::1 - OPTIONS - /api/v1/animal-feeding/products - 2026-04-21T18:34:35.147Z - Status: 204
2026-04-21T18:34:35.203Z info: ::1 - GET - /products - 2026-04-21T18:34:35.203Z - Status: 200
2026-04-21T18:34:35.241Z info: ::1 - GET - /products - 2026-04-21T18:34:35.241Z - Status: 304
2026-04-21T18:34:38.560Z info: ::1 - GET - /products - 2026-04-21T18:34:38.560Z - Status: 304
2026-04-21T18:34:38.572Z info: ::1 - GET - /products - 2026-04-21T18:34:38.572Z - Status: 304
2026-04-21T18:34:48.859Z info: ::1 - OPTIONS - /api/v1/animal-feeding/products - 2026-04-21T18:34:48.859Z - Status: 204
2026-04-21T18:34:48.873Z info: ::1 - OPTIONS - /api/v1/animal-feeding/products - 2026-04-21T18:34:48.873Z - Status: 204
2026-04-21T18:34:48.944Z info: ::1 - GET - /products - 2026-04-21T18:34:48.944Z - Status: 304
2026-04-21T18:34:48.966Z info: ::1 - GET - /products - 2026-04-21T18:34:48.966Z - Status: 304
2026-04-21T18:35:33.272Z info: ::1 - OPTIONS - /api/v1/animal-feeding/products - 2026-04-21T18:35:33.271Z - Status: 204
2026-04-21T18:35:33.281Z info: ::1 - OPTIONS - /api/v1/animal-feeding/products - 2026-04-21T18:35:33.281Z - Status: 204
2026-04-21T18:35:33.334Z info: ::1 - GET - /products - 2026-04-21T18:35:33.334Z - Status: 304
2026-04-21T18:35:33.370Z info: ::1 - GET - /products - 2026-04-21T18:35:33.370Z - Status: 304
2026-04-21T18:35:33.533Z info: ::1 - OPTIONS - /api/v1/stationery/products - 2026-04-21T18:35:33.533Z - Status: 204
2026-04-21T18:35:33.582Z info: ::1 - GET - /products - 2026-04-21T18:35:33.582Z - Status: 404
2026-04-21T18:35:33.602Z info: ::1 - GET - /products - 2026-04-21T18:35:33.601Z - Status: 404
2026-04-21T18:36:06.598Z info: ::1 - OPTIONS - /api/v1/animal-feeding/products - 2026-04-21T18:36:06.597Z - Status: 204
2026-04-21T18:36:06.613Z info: ::1 - OPTIONS - /api/v1/animal-feeding/products - 2026-04-21T18:36:06.613Z - Status: 204
2026-04-21T18:36:06.664Z info: ::1 - GET - /products - 2026-04-21T18:36:06.664Z - Status: 200
2026-04-21T18:36:06.684Z info: ::1 - GET - /products - 2026-04-21T18:36:06.684Z - Status: 304
2026-04-21T18:36:07.050Z info: ::1 - GET - / - 2026-04-21T18:36:07.049Z - Status: 404
2026-04-21T18:36:07.056Z info: ::1 - GET - / - 2026-04-21T18:36:07.056Z - Status: 404
2026-04-21T18:37:01.223Z info: ::1 - GET - / - 2026-04-21T18:37:01.222Z - Status: 404
2026-04-21T18:37:01.664Z info: ::1 - GET - / - 2026-04-21T18:37:01.664Z - Status: 404
2026-04-21T18:37:30.274Z info: ::1 - GET - /products/search?name=milk - 2026-04-21T18:37:30.274Z - Status: 401
2026-04-21T18:38:08.124Z info: ::1 - GET - /products/search?chakula=feed - 2026-04-21T18:38:08.123Z - Status: 401
2026-04-21T18:38:16.525Z info: ::1 - GET - /products/search?chakula=feed - 2026-04-21T18:38:16.525Z - Status: 401
2026-04-21T18:38:29.384Z info: ::1 - POST - /login - 2026-04-21T18:38:29.384Z - Status: 200
2026-04-21T18:38:53.841Z info: ::1 - GET - /products/search?chakula=feed - 2026-04-21T18:38:53.841Z - Status: 200
2026-04-21T18:39:07.573Z info: ::1 - GET - /products/search?name-milk - 2026-04-21T18:39:07.573Z - Status: 200
2026-04-21T18:39:10.951Z info: ::1 - GET - /products/search?name=milk - 2026-04-21T18:39:10.951Z - Status: 200
2026-04-21T18:40:51.680Z info: ::1 - GET - /products/69e7c2cadd38d8d792cd3b77 - 2026-04-21T18:40:51.679Z - Status: 401
2026-04-21T18:41:05.404Z info: ::1 - GET - /products/69e7c2cadd38d8d792cd3b77 - 2026-04-21T18:41:05.404Z - Status: 200
2026-04-21T18:42:09.375Z info: ::1 - GET - /products/69e7c2cadd38d8d792cd3b77 - 2026-04-21T18:42:09.374Z - Status: 200
2026-04-21T18:42:43.840Z info: ::1 - GET - /products/69e7c2cadd38d8d792cd3b77b - 2026-04-21T18:42:43.840Z - Status: 404
2026-04-21T18:43:34.592Z info: ::1 - GET - /orders/ - 2026-04-21T18:43:34.591Z - Status: 200
2026-04-21T18:44:42.910Z info: ::1 - GET - /orders/69e7c1deca1860a818857f78 - 2026-04-21T18:44:42.910Z - Status: 401
2026-04-21T18:44:51.173Z info: ::1 - GET - /orders/69e7c1deca1860a818857f78 - 2026-04-21T18:44:51.172Z - Status: 200
2026-04-21T18:46:22.325Z info: ::1 - GET - /available-products/ - 2026-04-21T18:46:22.325Z - Status: 201
2026-04-21T18:48:10.167Z info: ::1 - GET - /revenue?period=day - 2026-04-21T18:48:10.166Z - Status: 201
2026-04-21T18:48:43.093Z info: ::1 - GET - /revenue?period=day - 2026-04-21T18:48:43.093Z - Status: 401
2026-04-21T18:49:33.048Z info: ::1 - GET - /total-orders?filter=week - 2026-04-21T18:49:33.048Z - Status: 201
2026-04-21T18:49:37.093Z info: ::1 - GET - /total-orders?filter=week - 2026-04-21T18:49:37.093Z - Status: 201
2026-04-21T18:51:08.661Z info: ::1 - GET - /reports?startDate=2025-01-01&endDate=2026-10-31 - 2026-04-21T18:51:08.661Z - Status: 401
2026-04-21T18:51:16.773Z info: ::1 - GET - /reports?startDate=2025-01-01&endDate=2026-10-31 - 2026-04-21T18:51:16.773Z - Status: 200
2026-04-21T18:51:40.435Z info: ::1 - GET - /reports?startDate=2025-01-01&endDate=2026-10-31 - 2026-04-21T18:51:40.435Z - Status: 401
